{"timestamp": "2025-09-17 19:58:35", "logger": "CoreConfig.database", "level": "ERROR", "file": "database.py", "line": 91, "message": "Database connection failed: 'cryptography' package is required for sha256_password or caching_sha2_password auth methods"}
{"timestamp": "2025-09-17 19:58:35", "logger": "__main__", "level": "ERROR", "file": "main.py", "line": 70, "message": "数据库连接失败"}
{"timestamp": "2025-09-17 19:58:35", "logger": "__main__", "level": "ERROR", "file": "main.py", "line": 80, "message": "应用启动失败: 数据库连接失败"}
{"timestamp": "2025-09-17 20:00:43", "logger": "CoreConfig.database", "level": "ERROR", "file": "database.py", "line": 91, "message": "Database connection failed: Not an executable object: 'SELECT 1'"}
{"timestamp": "2025-09-17 20:00:43", "logger": "__main__", "level": "ERROR", "file": "main.py", "line": 70, "message": "数据库连接失败"}
{"timestamp": "2025-09-17 20:00:43", "logger": "__main__", "level": "ERROR", "file": "main.py", "line": 80, "message": "应用启动失败: 数据库连接失败"}
{"timestamp": "2025-09-17 20:01:58", "logger": "CoreConfig.database", "level": "ERROR", "file": "database.py", "line": 91, "message": "Database connection failed: Not an executable object: 'SELECT 1'"}
{"timestamp": "2025-09-17 20:01:58", "logger": "__main__", "level": "ERROR", "file": "main.py", "line": 70, "message": "数据库连接失败"}
{"timestamp": "2025-09-17 20:01:58", "logger": "__main__", "level": "ERROR", "file": "main.py", "line": 80, "message": "应用启动失败: 数据库连接失败"}
{"timestamp": "2025-09-17 20:52:28", "logger": "CoreConfig.database", "level": "ERROR", "file": "database.py", "line": 121, "message": "Failed to get database status: Not an executable object: 'SELECT 1 as status'"}
{"timestamp": "2025-09-17 20:52:58", "logger": "CoreConfig.database", "level": "ERROR", "file": "database.py", "line": 51, "message": "Database session error: 500: 获取轨迹列表失败: name 'Trajectory' is not defined"}
{"timestamp": "2025-09-17 20:52:59", "logger": "CoreConfig.database", "level": "ERROR", "file": "database.py", "line": 51, "message": "Database session error: 500: 获取匹配任务列表失败: Could not determine join condition between parent/child tables on relationship Trajectory.trajectory - there are no foreign keys linking these tables.  Ensure that referencing columns are associated with a ForeignKey or ForeignKeyConstraint, or specify a 'primaryjoin' expression."}
{"timestamp": "2025-09-17 20:52:59", "logger": "CoreConfig.database", "level": "ERROR", "file": "database.py", "line": 51, "message": "Database session error: 500: 获取轨迹列表失败: name 'Trajectory' is not defined"}
{"timestamp": "2025-09-17 20:52:59", "logger": "CoreConfig.database", "level": "ERROR", "file": "database.py", "line": 51, "message": "Database session error: 500: 获取匹配任务列表失败: One or more mappers failed to initialize - can't proceed with initialization of other mappers. Triggering mapper: 'Mapper[Trajectory(trajectories)]'. Original exception was: Could not determine join condition between parent/child tables on relationship Trajectory.trajectory - there are no foreign keys linking these tables.  Ensure that referencing columns are associated with a ForeignKey or ForeignKeyConstraint, or specify a 'primaryjoin' expression."}
{"timestamp": "2025-09-17 20:53:07", "logger": "CoreConfig.database", "level": "ERROR", "file": "database.py", "line": 51, "message": "Database session error: 500: 获取匹配任务列表失败: One or more mappers failed to initialize - can't proceed with initialization of other mappers. Triggering mapper: 'Mapper[Trajectory(trajectories)]'. Original exception was: Could not determine join condition between parent/child tables on relationship Trajectory.trajectory - there are no foreign keys linking these tables.  Ensure that referencing columns are associated with a ForeignKey or ForeignKeyConstraint, or specify a 'primaryjoin' expression."}
{"timestamp": "2025-09-17 20:53:07", "logger": "CoreConfig.database", "level": "ERROR", "file": "database.py", "line": 51, "message": "Database session error: 500: 获取轨迹列表失败: name 'Trajectory' is not defined"}
{"timestamp": "2025-09-17 20:53:07", "logger": "CoreConfig.database", "level": "ERROR", "file": "database.py", "line": 51, "message": "Database session error: 500: 获取匹配任务列表失败: One or more mappers failed to initialize - can't proceed with initialization of other mappers. Triggering mapper: 'Mapper[Trajectory(trajectories)]'. Original exception was: Could not determine join condition between parent/child tables on relationship Trajectory.trajectory - there are no foreign keys linking these tables.  Ensure that referencing columns are associated with a ForeignKey or ForeignKeyConstraint, or specify a 'primaryjoin' expression."}
{"timestamp": "2025-09-17 20:53:07", "logger": "CoreConfig.database", "level": "ERROR", "file": "database.py", "line": 51, "message": "Database session error: 500: 获取轨迹列表失败: name 'Trajectory' is not defined"}
{"timestamp": "2025-09-17 20:53:08", "logger": "CoreConfig.database", "level": "ERROR", "file": "database.py", "line": 51, "message": "Database session error: 500: 获取轨迹列表失败: name 'Trajectory' is not defined"}
{"timestamp": "2025-09-17 20:53:08", "logger": "CoreConfig.database", "level": "ERROR", "file": "database.py", "line": 51, "message": "Database session error: 500: 获取匹配任务列表失败: One or more mappers failed to initialize - can't proceed with initialization of other mappers. Triggering mapper: 'Mapper[Trajectory(trajectories)]'. Original exception was: Could not determine join condition between parent/child tables on relationship Trajectory.trajectory - there are no foreign keys linking these tables.  Ensure that referencing columns are associated with a ForeignKey or ForeignKeyConstraint, or specify a 'primaryjoin' expression."}
{"timestamp": "2025-09-17 20:53:08", "logger": "CoreConfig.database", "level": "ERROR", "file": "database.py", "line": 51, "message": "Database session error: 500: 获取轨迹列表失败: name 'Trajectory' is not defined"}
{"timestamp": "2025-09-17 20:53:08", "logger": "CoreConfig.database", "level": "ERROR", "file": "database.py", "line": 51, "message": "Database session error: 500: 获取匹配任务列表失败: One or more mappers failed to initialize - can't proceed with initialization of other mappers. Triggering mapper: 'Mapper[Trajectory(trajectories)]'. Original exception was: Could not determine join condition between parent/child tables on relationship Trajectory.trajectory - there are no foreign keys linking these tables.  Ensure that referencing columns are associated with a ForeignKey or ForeignKeyConstraint, or specify a 'primaryjoin' expression."}
{"timestamp": "2025-09-17 20:53:13", "logger": "CoreConfig.database", "level": "ERROR", "file": "database.py", "line": 51, "message": "Database session error: 500: 获取轨迹列表失败: name 'Trajectory' is not defined"}
{"timestamp": "2025-09-17 20:53:13", "logger": "CoreConfig.database", "level": "ERROR", "file": "database.py", "line": 51, "message": "Database session error: 500: 获取匹配任务列表失败: One or more mappers failed to initialize - can't proceed with initialization of other mappers. Triggering mapper: 'Mapper[Trajectory(trajectories)]'. Original exception was: Could not determine join condition between parent/child tables on relationship Trajectory.trajectory - there are no foreign keys linking these tables.  Ensure that referencing columns are associated with a ForeignKey or ForeignKeyConstraint, or specify a 'primaryjoin' expression."}
{"timestamp": "2025-09-17 20:53:13", "logger": "CoreConfig.database", "level": "ERROR", "file": "database.py", "line": 51, "message": "Database session error: 500: 获取轨迹列表失败: name 'Trajectory' is not defined"}
{"timestamp": "2025-09-17 20:53:13", "logger": "CoreConfig.database", "level": "ERROR", "file": "database.py", "line": 51, "message": "Database session error: 500: 获取匹配任务列表失败: One or more mappers failed to initialize - can't proceed with initialization of other mappers. Triggering mapper: 'Mapper[Trajectory(trajectories)]'. Original exception was: Could not determine join condition between parent/child tables on relationship Trajectory.trajectory - there are no foreign keys linking these tables.  Ensure that referencing columns are associated with a ForeignKey or ForeignKeyConstraint, or specify a 'primaryjoin' expression."}
{"timestamp": "2025-09-17 20:53:23", "logger": "CoreConfig.database", "level": "ERROR", "file": "database.py", "line": 51, "message": "Database session error: 500: 获取匹配任务列表失败: One or more mappers failed to initialize - can't proceed with initialization of other mappers. Triggering mapper: 'Mapper[Trajectory(trajectories)]'. Original exception was: Could not determine join condition between parent/child tables on relationship Trajectory.trajectory - there are no foreign keys linking these tables.  Ensure that referencing columns are associated with a ForeignKey or ForeignKeyConstraint, or specify a 'primaryjoin' expression."}
{"timestamp": "2025-09-17 20:53:23", "logger": "CoreConfig.database", "level": "ERROR", "file": "database.py", "line": 51, "message": "Database session error: 500: 获取轨迹列表失败: name 'Trajectory' is not defined"}
{"timestamp": "2025-09-17 20:53:23", "logger": "CoreConfig.database", "level": "ERROR", "file": "database.py", "line": 51, "message": "Database session error: 500: 获取匹配任务列表失败: One or more mappers failed to initialize - can't proceed with initialization of other mappers. Triggering mapper: 'Mapper[Trajectory(trajectories)]'. Original exception was: Could not determine join condition between parent/child tables on relationship Trajectory.trajectory - there are no foreign keys linking these tables.  Ensure that referencing columns are associated with a ForeignKey or ForeignKeyConstraint, or specify a 'primaryjoin' expression."}
{"timestamp": "2025-09-17 20:53:23", "logger": "CoreConfig.database", "level": "ERROR", "file": "database.py", "line": 51, "message": "Database session error: 500: 获取轨迹列表失败: name 'Trajectory' is not defined"}
{"timestamp": "2025-09-17 20:53:28", "logger": "CoreConfig.database", "level": "ERROR", "file": "database.py", "line": 51, "message": "Database session error: 500: 获取轨迹列表失败: name 'Trajectory' is not defined"}
{"timestamp": "2025-09-17 20:53:28", "logger": "CoreConfig.database", "level": "ERROR", "file": "database.py", "line": 51, "message": "Database session error: 500: 获取匹配任务列表失败: One or more mappers failed to initialize - can't proceed with initialization of other mappers. Triggering mapper: 'Mapper[Trajectory(trajectories)]'. Original exception was: Could not determine join condition between parent/child tables on relationship Trajectory.trajectory - there are no foreign keys linking these tables.  Ensure that referencing columns are associated with a ForeignKey or ForeignKeyConstraint, or specify a 'primaryjoin' expression."}
{"timestamp": "2025-09-17 20:53:28", "logger": "CoreConfig.database", "level": "ERROR", "file": "database.py", "line": 51, "message": "Database session error: 500: 获取轨迹列表失败: name 'Trajectory' is not defined"}
{"timestamp": "2025-09-17 20:53:28", "logger": "CoreConfig.database", "level": "ERROR", "file": "database.py", "line": 51, "message": "Database session error: 500: 获取匹配任务列表失败: One or more mappers failed to initialize - can't proceed with initialization of other mappers. Triggering mapper: 'Mapper[Trajectory(trajectories)]'. Original exception was: Could not determine join condition between parent/child tables on relationship Trajectory.trajectory - there are no foreign keys linking these tables.  Ensure that referencing columns are associated with a ForeignKey or ForeignKeyConstraint, or specify a 'primaryjoin' expression."}
{"timestamp": "2025-09-17 21:33:08", "logger": "asyncio", "level": "ERROR", "file": "base_events.py", "line": 1833, "message": "Exception in callback _ProactorBasePipeTransport._call_connection_lost(None)
handle: <Handle _ProactorBasePipeTransport._call_connection_lost(None)>"}
Traceback (most recent call last):
  File "C:\Users\86187\AppData\Roaming\uv\python\cpython-3.12.11-windows-x86_64-none\Lib\asyncio\events.py", line 88, in _run
    self._context.run(self._callback, *self._args)
  File "C:\Users\86187\AppData\Roaming\uv\python\cpython-3.12.11-windows-x86_64-none\Lib\asyncio\proactor_events.py", line 165, in _call_connection_lost
    self._sock.shutdown(socket.SHUT_RDWR)
ConnectionResetError: [WinError 10054] 远程主机强迫关闭了一个现有的连接。
{"timestamp": "2025-09-17 21:33:08", "logger": "CoreConfig.database", "level": "ERROR", "file": "database.py", "line": 51, "message": "Database session error: 500: 获取轨迹列表失败: name 'Trajectory' is not defined"}
{"timestamp": "2025-09-17 21:33:08", "logger": "CoreConfig.database", "level": "ERROR", "file": "database.py", "line": 51, "message": "Database session error: 500: 获取匹配任务列表失败: Could not determine join condition between parent/child tables on relationship Trajectory.trajectory - there are no foreign keys linking these tables.  Ensure that referencing columns are associated with a ForeignKey or ForeignKeyConstraint, or specify a 'primaryjoin' expression."}
{"timestamp": "2025-09-17 21:33:09", "logger": "CoreConfig.database", "level": "ERROR", "file": "database.py", "line": 51, "message": "Database session error: 500: 获取轨迹列表失败: name 'Trajectory' is not defined"}
{"timestamp": "2025-09-17 21:33:09", "logger": "CoreConfig.database", "level": "ERROR", "file": "database.py", "line": 51, "message": "Database session error: 500: 获取匹配任务列表失败: One or more mappers failed to initialize - can't proceed with initialization of other mappers. Triggering mapper: 'Mapper[Trajectory(trajectories)]'. Original exception was: Could not determine join condition between parent/child tables on relationship Trajectory.trajectory - there are no foreign keys linking these tables.  Ensure that referencing columns are associated with a ForeignKey or ForeignKeyConstraint, or specify a 'primaryjoin' expression."}
{"timestamp": "2025-09-17 21:36:23", "logger": "CoreConfig.database", "level": "ERROR", "file": "database.py", "line": 51, "message": "Database session error: 500: 获取轨迹列表失败: name 'Trajectory' is not defined"}
{"timestamp": "2025-09-17 21:36:23", "logger": "CoreConfig.database", "level": "ERROR", "file": "database.py", "line": 51, "message": "Database session error: 500: 获取匹配任务列表失败: Could not determine join condition between parent/child tables on relationship Trajectory.trajectory - there are no foreign keys linking these tables.  Ensure that referencing columns are associated with a ForeignKey or ForeignKeyConstraint, or specify a 'primaryjoin' expression."}
{"timestamp": "2025-09-17 21:36:23", "logger": "CoreConfig.database", "level": "ERROR", "file": "database.py", "line": 51, "message": "Database session error: 500: 获取轨迹列表失败: name 'Trajectory' is not defined"}
{"timestamp": "2025-09-17 21:36:23", "logger": "CoreConfig.database", "level": "ERROR", "file": "database.py", "line": 51, "message": "Database session error: 500: 获取匹配任务列表失败: One or more mappers failed to initialize - can't proceed with initialization of other mappers. Triggering mapper: 'Mapper[Trajectory(trajectories)]'. Original exception was: Could not determine join condition between parent/child tables on relationship Trajectory.trajectory - there are no foreign keys linking these tables.  Ensure that referencing columns are associated with a ForeignKey or ForeignKeyConstraint, or specify a 'primaryjoin' expression."}
{"timestamp": "2025-09-17 21:36:44", "logger": "CoreConfig.database", "level": "ERROR", "file": "database.py", "line": 136, "message": "Failed to get database status: Not an executable object: 'SELECT 1 as status'"}
{"timestamp": "2025-09-17 21:38:09", "logger": "CoreConfig.database", "level": "ERROR", "file": "database.py", "line": 136, "message": "Failed to get database status: Not an executable object: 'SELECT 1 as status'"}
{"timestamp": "2025-09-17 21:40:31", "logger": "CoreConfig.database", "level": "ERROR", "file": "database.py", "line": 136, "message": "Failed to get database status: Not an executable object: 'SELECT 1 as status'"}
{"timestamp": "2025-09-17 21:40:46", "logger": "CoreConfig.database", "level": "ERROR", "file": "database.py", "line": 51, "message": "Database session error: 500: 获取轨迹列表失败: name 'Trajectory' is not defined"}
{"timestamp": "2025-09-17 21:42:54", "logger": "CoreConfig.database", "level": "ERROR", "file": "database.py", "line": 51, "message": "Database session error: 500: 获取轨迹列表失败: Could not determine join condition between parent/child tables on relationship User.trajectories - there are no foreign keys linking these tables.  Ensure that referencing columns are associated with a ForeignKey or ForeignKeyConstraint, or specify a 'primaryjoin' expression."}
{"timestamp": "2025-09-17 21:42:54", "logger": "CoreConfig.database", "level": "ERROR", "file": "database.py", "line": 51, "message": "Database session error: 500: 获取匹配任务列表失败: One or more mappers failed to initialize - can't proceed with initialization of other mappers. Triggering mapper: 'Mapper[User(users)]'. Original exception was: Could not determine join condition between parent/child tables on relationship User.trajectories - there are no foreign keys linking these tables.  Ensure that referencing columns are associated with a ForeignKey or ForeignKeyConstraint, or specify a 'primaryjoin' expression."}
{"timestamp": "2025-09-17 21:42:54", "logger": "CoreConfig.database", "level": "ERROR", "file": "database.py", "line": 51, "message": "Database session error: 500: 获取轨迹列表失败: One or more mappers failed to initialize - can't proceed with initialization of other mappers. Triggering mapper: 'Mapper[User(users)]'. Original exception was: Could not determine join condition between parent/child tables on relationship User.trajectories - there are no foreign keys linking these tables.  Ensure that referencing columns are associated with a ForeignKey or ForeignKeyConstraint, or specify a 'primaryjoin' expression."}
{"timestamp": "2025-09-17 21:42:54", "logger": "CoreConfig.database", "level": "ERROR", "file": "database.py", "line": 51, "message": "Database session error: 500: 获取匹配任务列表失败: One or more mappers failed to initialize - can't proceed with initialization of other mappers. Triggering mapper: 'Mapper[User(users)]'. Original exception was: Could not determine join condition between parent/child tables on relationship User.trajectories - there are no foreign keys linking these tables.  Ensure that referencing columns are associated with a ForeignKey or ForeignKeyConstraint, or specify a 'primaryjoin' expression."}
{"timestamp": "2025-09-17 21:43:19", "logger": "CoreConfig.database", "level": "ERROR", "file": "database.py", "line": 51, "message": "Database session error: 500: 获取轨迹列表失败: One or more mappers failed to initialize - can't proceed with initialization of other mappers. Triggering mapper: 'Mapper[User(users)]'. Original exception was: Could not determine join condition between parent/child tables on relationship User.trajectories - there are no foreign keys linking these tables.  Ensure that referencing columns are associated with a ForeignKey or ForeignKeyConstraint, or specify a 'primaryjoin' expression."}
{"timestamp": "2025-09-17 21:43:19", "logger": "CoreConfig.database", "level": "ERROR", "file": "database.py", "line": 51, "message": "Database session error: 500: 获取匹配任务列表失败: One or more mappers failed to initialize - can't proceed with initialization of other mappers. Triggering mapper: 'Mapper[User(users)]'. Original exception was: Could not determine join condition between parent/child tables on relationship User.trajectories - there are no foreign keys linking these tables.  Ensure that referencing columns are associated with a ForeignKey or ForeignKeyConstraint, or specify a 'primaryjoin' expression."}
{"timestamp": "2025-09-17 21:43:19", "logger": "CoreConfig.database", "level": "ERROR", "file": "database.py", "line": 51, "message": "Database session error: 500: 获取轨迹列表失败: One or more mappers failed to initialize - can't proceed with initialization of other mappers. Triggering mapper: 'Mapper[User(users)]'. Original exception was: Could not determine join condition between parent/child tables on relationship User.trajectories - there are no foreign keys linking these tables.  Ensure that referencing columns are associated with a ForeignKey or ForeignKeyConstraint, or specify a 'primaryjoin' expression."}
{"timestamp": "2025-09-17 21:43:19", "logger": "CoreConfig.database", "level": "ERROR", "file": "database.py", "line": 51, "message": "Database session error: 500: 获取匹配任务列表失败: One or more mappers failed to initialize - can't proceed with initialization of other mappers. Triggering mapper: 'Mapper[User(users)]'. Original exception was: Could not determine join condition between parent/child tables on relationship User.trajectories - there are no foreign keys linking these tables.  Ensure that referencing columns are associated with a ForeignKey or ForeignKeyConstraint, or specify a 'primaryjoin' expression."}
{"timestamp": "2025-09-17 21:43:22", "logger": "CoreConfig.database", "level": "ERROR", "file": "database.py", "line": 51, "message": "Database session error: 500: 获取匹配任务列表失败: One or more mappers failed to initialize - can't proceed with initialization of other mappers. Triggering mapper: 'Mapper[User(users)]'. Original exception was: Could not determine join condition between parent/child tables on relationship User.trajectories - there are no foreign keys linking these tables.  Ensure that referencing columns are associated with a ForeignKey or ForeignKeyConstraint, or specify a 'primaryjoin' expression."}
{"timestamp": "2025-09-17 21:43:22", "logger": "CoreConfig.database", "level": "ERROR", "file": "database.py", "line": 51, "message": "Database session error: 500: 获取轨迹列表失败: One or more mappers failed to initialize - can't proceed with initialization of other mappers. Triggering mapper: 'Mapper[User(users)]'. Original exception was: Could not determine join condition between parent/child tables on relationship User.trajectories - there are no foreign keys linking these tables.  Ensure that referencing columns are associated with a ForeignKey or ForeignKeyConstraint, or specify a 'primaryjoin' expression."}
{"timestamp": "2025-09-17 21:43:22", "logger": "CoreConfig.database", "level": "ERROR", "file": "database.py", "line": 51, "message": "Database session error: 500: 获取轨迹列表失败: One or more mappers failed to initialize - can't proceed with initialization of other mappers. Triggering mapper: 'Mapper[User(users)]'. Original exception was: Could not determine join condition between parent/child tables on relationship User.trajectories - there are no foreign keys linking these tables.  Ensure that referencing columns are associated with a ForeignKey or ForeignKeyConstraint, or specify a 'primaryjoin' expression."}
{"timestamp": "2025-09-17 21:43:22", "logger": "CoreConfig.database", "level": "ERROR", "file": "database.py", "line": 51, "message": "Database session error: 500: 获取匹配任务列表失败: One or more mappers failed to initialize - can't proceed with initialization of other mappers. Triggering mapper: 'Mapper[User(users)]'. Original exception was: Could not determine join condition between parent/child tables on relationship User.trajectories - there are no foreign keys linking these tables.  Ensure that referencing columns are associated with a ForeignKey or ForeignKeyConstraint, or specify a 'primaryjoin' expression."}
{"timestamp": "2025-09-17 21:43:25", "logger": "CoreConfig.database", "level": "ERROR", "file": "database.py", "line": 51, "message": "Database session error: 500: 获取匹配任务列表失败: One or more mappers failed to initialize - can't proceed with initialization of other mappers. Triggering mapper: 'Mapper[User(users)]'. Original exception was: Could not determine join condition between parent/child tables on relationship User.trajectories - there are no foreign keys linking these tables.  Ensure that referencing columns are associated with a ForeignKey or ForeignKeyConstraint, or specify a 'primaryjoin' expression."}
{"timestamp": "2025-09-17 21:43:25", "logger": "CoreConfig.database", "level": "ERROR", "file": "database.py", "line": 51, "message": "Database session error: 500: 获取轨迹列表失败: One or more mappers failed to initialize - can't proceed with initialization of other mappers. Triggering mapper: 'Mapper[User(users)]'. Original exception was: Could not determine join condition between parent/child tables on relationship User.trajectories - there are no foreign keys linking these tables.  Ensure that referencing columns are associated with a ForeignKey or ForeignKeyConstraint, or specify a 'primaryjoin' expression."}
{"timestamp": "2025-09-17 21:43:25", "logger": "CoreConfig.database", "level": "ERROR", "file": "database.py", "line": 51, "message": "Database session error: 500: 获取匹配任务列表失败: One or more mappers failed to initialize - can't proceed with initialization of other mappers. Triggering mapper: 'Mapper[User(users)]'. Original exception was: Could not determine join condition between parent/child tables on relationship User.trajectories - there are no foreign keys linking these tables.  Ensure that referencing columns are associated with a ForeignKey or ForeignKeyConstraint, or specify a 'primaryjoin' expression."}
{"timestamp": "2025-09-17 21:43:25", "logger": "CoreConfig.database", "level": "ERROR", "file": "database.py", "line": 51, "message": "Database session error: 500: 获取轨迹列表失败: One or more mappers failed to initialize - can't proceed with initialization of other mappers. Triggering mapper: 'Mapper[User(users)]'. Original exception was: Could not determine join condition between parent/child tables on relationship User.trajectories - there are no foreign keys linking these tables.  Ensure that referencing columns are associated with a ForeignKey or ForeignKeyConstraint, or specify a 'primaryjoin' expression."}
{"timestamp": "2025-09-17 21:43:42", "logger": "CoreConfig.database", "level": "ERROR", "file": "database.py", "line": 51, "message": "Database session error: 500: 获取轨迹列表失败: One or more mappers failed to initialize - can't proceed with initialization of other mappers. Triggering mapper: 'Mapper[User(users)]'. Original exception was: Could not determine join condition between parent/child tables on relationship User.trajectories - there are no foreign keys linking these tables.  Ensure that referencing columns are associated with a ForeignKey or ForeignKeyConstraint, or specify a 'primaryjoin' expression."}
{"timestamp": "2025-09-17 21:46:14", "logger": "CoreConfig.database", "level": "ERROR", "file": "database.py", "line": 51, "message": "Database session error: 500: 获取轨迹列表失败: Mapper 'Mapper[Trajectory(trajectories)]' has no property 'files'.  If this property was indicated from other mappers or configure events, ensure registry.configure() has been called."}
{"timestamp": "2025-09-17 21:48:20", "logger": "CoreConfig.database", "level": "ERROR", "file": "database.py", "line": 51, "message": "Database session error: 500: 注册失败: 'phone' is an invalid keyword argument for User"}
{"timestamp": "2025-09-17 21:48:24", "logger": "CoreConfig.database", "level": "ERROR", "file": "database.py", "line": 51, "message": "Database session error: 500: 注册失败: 'phone' is an invalid keyword argument for User"}
{"timestamp": "2025-09-17 21:48:49", "logger": "CoreConfig.database", "level": "ERROR", "file": "database.py", "line": 51, "message": "Database session error: 500: 获取轨迹列表失败: 5 validation errors for TrajectoryListResponse
trajectories
  Field required [type=missing, input_value={'success': True, 'data':...total': 0, 'pages': 0}}}, input_type=dict]
    For further information visit https://errors.pydantic.dev/2.11/v/missing
total
  Field required [type=missing, input_value={'success': True, 'data':...total': 0, 'pages': 0}}}, input_type=dict]
    For further information visit https://errors.pydantic.dev/2.11/v/missing
page
  Field required [type=missing, input_value={'success': True, 'data':...total': 0, 'pages': 0}}}, input_type=dict]
    For further information visit https://errors.pydantic.dev/2.11/v/missing
limit
  Field required [type=missing, input_value={'success': True, 'data':...total': 0, 'pages': 0}}}, input_type=dict]
    For further information visit https://errors.pydantic.dev/2.11/v/missing
pages
  Field required [type=missing, input_value={'success': True, 'data':...total': 0, 'pages': 0}}}, input_type=dict]
    For further information visit https://errors.pydantic.dev/2.11/v/missing"}
{"timestamp": "2025-09-17 21:49:23", "logger": "CoreConfig.database", "level": "ERROR", "file": "database.py", "line": 51, "message": "Database session error: 500: 获取轨迹列表失败: 5 validation errors for TrajectoryListResponse
trajectories
  Field required [type=missing, input_value={'success': True, 'data':...total': 0, 'pages': 0}}}, input_type=dict]
    For further information visit https://errors.pydantic.dev/2.11/v/missing
total
  Field required [type=missing, input_value={'success': True, 'data':...total': 0, 'pages': 0}}}, input_type=dict]
    For further information visit https://errors.pydantic.dev/2.11/v/missing
page
  Field required [type=missing, input_value={'success': True, 'data':...total': 0, 'pages': 0}}}, input_type=dict]
    For further information visit https://errors.pydantic.dev/2.11/v/missing
limit
  Field required [type=missing, input_value={'success': True, 'data':...total': 0, 'pages': 0}}}, input_type=dict]
    For further information visit https://errors.pydantic.dev/2.11/v/missing
pages
  Field required [type=missing, input_value={'success': True, 'data':...total': 0, 'pages': 0}}}, input_type=dict]
    For further information visit https://errors.pydantic.dev/2.11/v/missing"}
{"timestamp": "2025-09-17 21:50:27", "logger": "CoreConfig.database", "level": "ERROR", "file": "database.py", "line": 51, "message": "Database session error: 500: 获取轨迹列表失败: 1 validation error for TrajectoryListResponse
pages
  Input should be greater than or equal to 1 [type=greater_than_equal, input_value=0, input_type=int]
    For further information visit https://errors.pydantic.dev/2.11/v/greater_than_equal"}
{"timestamp": "2025-09-17 21:50:42", "logger": "CoreConfig.database", "level": "ERROR", "file": "database.py", "line": 51, "message": "Database session error: 500: 获取轨迹列表失败: 1 validation error for TrajectoryListResponse
pages
  Input should be greater than or equal to 1 [type=greater_than_equal, input_value=0, input_type=int]
    For further information visit https://errors.pydantic.dev/2.11/v/greater_than_equal"}
{"timestamp": "2025-09-17 21:51:50", "logger": "CoreConfig.database", "level": "ERROR", "file": "database.py", "line": 51, "message": "Database session error: 500: 获取匹配任务列表失败: 1 validation error for MatchingTaskListResponse
pages
  Input should be greater than or equal to 1 [type=greater_than_equal, input_value=0, input_type=int]
    For further information visit https://errors.pydantic.dev/2.11/v/greater_than_equal"}
{"timestamp": "2025-09-17 21:52:13", "logger": "CoreConfig.database", "level": "ERROR", "file": "database.py", "line": 51, "message": "Database session error: 500: 获取匹配任务列表失败: 1 validation error for MatchingTaskListResponse
pages
  Input should be greater than or equal to 1 [type=greater_than_equal, input_value=0, input_type=int]
    For further information visit https://errors.pydantic.dev/2.11/v/greater_than_equal"}
